// Jest Snapshot v1, https://goo.gl/fbAQLP

exports[`the SelectorInstance class deeply nested selectors get auto-created 1`] = `
{
  "@@selector-selector1-2": {
    "className": "SelectorInstance",
    "observers": {
      "@@selector-selector2-1": {
        "flags": 1,
        "operation": "select",
        "p": undefined,
      },
    },
    "sources": {
      "1": {
        "flags": 1,
        "operation": "get",
        "p": undefined,
      },
    },
    "state": "ab",
    "status": "Active",
    "weight": 2,
  },
  "@@selector-selector2-1": {
    "className": "SelectorInstance",
    "observers": {
      "@@selector-selector3-0": {
        "flags": 1,
        "operation": "select",
        "p": undefined,
      },
    },
    "sources": {
      "@@selector-selector1-2": {
        "flags": 1,
        "operation": "select",
        "p": undefined,
      },
    },
    "state": "abc",
    "status": "Active",
    "weight": 3,
  },
  "@@selector-selector3-0": {
    "className": "SelectorInstance",
    "observers": {},
    "sources": {
      "@@selector-selector2-1": {
        "flags": 1,
        "operation": "select",
        "p": undefined,
      },
    },
    "state": "abcd",
    "status": "Active",
    "weight": 4,
  },
}
`;

exports[`the SelectorInstance class different arg-accepting selectors with the exact same name and args create different instances 1`] = `
{
  "@@selector-commonName-0-["a"]": {
    "className": "SelectorInstance",
    "observers": {},
    "sources": {},
    "state": "ab",
    "status": "Active",
    "weight": 1,
  },
  "@@selector-commonName-1-["a"]": {
    "className": "SelectorInstance",
    "observers": {},
    "sources": {},
    "state": "ac",
    "status": "Active",
    "weight": 1,
  },
}
`;
