// Jest Snapshot v1, https://goo.gl/fbAQLP

exports[`proxies array operations 1`] = `
[
  [
    [
      {
        "k": [
          "0",
          "a",
          "0",
        ],
        "v": 11,
      },
      {
        "k": [
          "0",
          "a",
          "1",
        ],
        "v": 33,
      },
    ],
    [
      {
        "a": [
          11,
          33,
        ],
      },
    ],
  ],
  [
    [
      {
        "k": 1,
        "v": {
          "a": [
            2,
          ],
        },
      },
      {
        "k": 2,
        "v": {
          "a": [
            200,
          ],
        },
      },
    ],
    [
      {
        "a": [
          11,
          33,
        ],
      },
      {
        "a": [
          2,
        ],
      },
      {
        "a": [
          200,
        ],
      },
    ],
  ],
  [
    [
      {
        "k": 1,
        "t": "d",
      },
    ],
    [
      {
        "a": [
          11,
          33,
        ],
      },
      {
        "a": [
          200,
        ],
      },
    ],
  ],
  [
    [
      {
        "k": 0,
        "t": "i",
        "v": {
          "a": [
            3,
          ],
        },
      },
      {
        "k": 1,
        "t": "d",
      },
      {
        "k": 1,
        "t": "i",
        "v": {
          "a": [
            300,
          ],
        },
      },
    ],
    [
      {
        "a": [
          3,
        ],
      },
      {
        "a": [
          300,
        ],
      },
      {
        "a": [
          200,
        ],
      },
    ],
  ],
  [
    [
      {
        "k": 0,
        "t": "d",
      },
      {
        "k": [
          "1",
          "a",
          1,
        ],
        "v": 201,
      },
      {
        "k": [
          "0",
          "a",
        ],
        "v": [],
      },
    ],
    [
      {
        "a": [],
      },
      {
        "a": [
          200,
          201,
        ],
      },
    ],
  ],
  [
    [
      {
        "k": 1,
        "t": "d",
      },
      {
        "k": 0,
        "t": "i",
        "v": {
          "a": [
            200,
            201,
          ],
        },
      },
      {
        "k": 10,
        "t": "i",
        "v": {
          "a": [
            400,
          ],
        },
      },
    ],
    [
      {
        "a": [
          200,
          201,
        ],
      },
      {
        "a": [],
      },
      {
        "a": [
          400,
        ],
      },
    ],
  ],
]
`;

exports[`proxies object operations 1`] = `
[
  [
    [
      {
        "k": [
          "a",
          "b",
        ],
        "v": "bb",
      },
    ],
    {
      "a": {
        "b": "bb",
      },
      "c": null,
    },
  ],
  [
    [
      {
        "k": "c",
        "v": {
          "d": "d",
        },
      },
    ],
    {
      "a": {
        "b": "bb",
      },
      "c": {
        "d": "d",
      },
    },
  ],
  [
    [
      {
        "k": "c",
        "t": "d",
      },
    ],
    {
      "a": {
        "b": "bb",
      },
    },
  ],
  [
    [
      {
        "k": "c",
        "v": undefined,
      },
      {
        "k": [
          "a",
          "b",
        ],
        "v": "bbb",
      },
    ],
    {
      "a": {
        "b": "bbb",
      },
      "c": undefined,
    },
  ],
]
`;
